This is pdfTeX, Version 3.141592653-2.6-1.40.22 (TeX Live 2022/dev/Debian) (preloaded format=pdflatex 2024.5.14)  6 NOV 2024 11:45
entering extended mode
 restricted \write18 enabled.
 %&-line parsing enabled.
**mfem.tex
(./mfem.tex
LaTeX2e <2021-11-15> patch level 1
L3 programming layer <2022-01-21>
! Undefined control sequence.
l.2 \section
            {A coupled partial melting Stokes-Darcy system}
? :q
Type <return> to proceed, S to scroll future error messages,
R to run without stopping, Q to run quietly,
I to insert something, E to edit your file,
1 or ... or 9 to ignore the next 1 to 9 tokens of input,
H for help, X to quit.
? 
! Emergency stop.
l.2 \section
            {A coupled partial melting Stokes-Darcy system}
End of file on the terminal!

 
Here is how much of TeX's memory you used:
 16 strings out of 478287
 386 string characters out of 5849289
 289006 words of memory out of 5000000
 18313 multiletter control sequences out of 15000+600000
 469259 words of font info for 28 fonts, out of 8000000 for 9000
 1141 hyphenation exceptions out of 8191
 13i,0n,12p,69b,10s stack positions out of 5000i,500n,10000p,200000b,80000s
!  ==> Fatal error occurred, no output PDF file produced!
