\BOOKMARK [1][-]{section.1}{\376\377\000M\000a\000g\000a\000m\000\040\000s\000i\000m\000u\000l\000a\000t\000i\000o\000n\000\040\000f\000r\000a\000m\000e\000w\000o\000r\000k}{}% 1
\BOOKMARK [1][-]{section.2}{\376\377\000A\000\040\000c\000o\000u\000p\000l\000e\000d\000\040\000p\000a\000r\000t\000i\000a\000l\000\040\000m\000e\000l\000t\000i\000n\000g\000\040\000S\000t\000o\000k\000e\000s\000-\000D\000a\000r\000c\000y\000\040\000s\000y\000s\000t\000e\000m}{}% 2
\BOOKMARK [2][-]{subsection.6}{\376\377\000V\000a\000r\000i\000a\000t\000i\000o\000n\000a\000l\000\040\000f\000o\000r\000m\000\040\000a\000n\000d\000\040\000d\000i\000s\000c\000r\000e\000t\000i\000z\000a\000t\000i\000o\000n}{section.2}% 3
\BOOKMARK [3][-]{subsubsection.7}{\376\377\000S\000t\000o\000k\000e\000s\000\040\000a\000n\000d\000\040\000v\000a\000r\000i\000a\000t\000i\000o\000n\000a\000l\000\040\000f\000o\000r\000m\000u\000l\000a\000t\000i\000o\000n}{subsection.6}% 4
\BOOKMARK [2][-]{subsection.11}{\376\377\000D\000a\000r\000c\000y}{section.2}% 5
\BOOKMARK [3][-]{subsubsection.14}{\376\377\000A\000\040\000d\000e\000g\000e\000n\000e\000r\000a\000t\000e\000\040\000D\000a\000r\000c\000y\000\040\000t\000e\000s\000t\000\040\000p\000r\000o\000b\000l\000e\000m}{subsection.11}% 6
\BOOKMARK [3][-]{subsubsection.21}{\376\377\000M\000o\000d\000i\000f\000i\000e\000d\000\040\000B\000R\000\040\000e\000l\000e\000m\000e\000n\000t}{subsection.11}% 7
\BOOKMARK [1][-]{section.23}{\376\377\000L\000i\000n\000e\000a\000r\000\040\000s\000y\000s\000t\000e\000m\000\040\000a\000n\000d\000\040\000U\000z\000a\000w\000a\000\040\000t\000y\000p\000e\000\040\000a\000l\000g\000o\000r\000i\000t\000h\000m}{}% 8
\BOOKMARK [2][-]{subsection.39}{\376\377\000C\000o\000n\000v\000e\000r\000g\000e\000n\000c\000e\000\040\000a\000n\000d\000\040\000s\000t\000a\000b\000i\000l\000i\000t\000y\000\040\000a\000n\000a\000l\000y\000s\000i\000s}{section.23}% 9
\BOOKMARK [3][-]{subsubsection.40}{\376\377\000A\000n\000d\000e\000r\000s\000o\000n\000\040\000a\000c\000c\000e\000l\000e\000r\000a\000t\000i\000o\000n}{subsection.39}% 10
\BOOKMARK [1][-]{section.41}{\376\377\000T\000e\000s\000t\000\040\000c\000a\000s\000e\000s}{}% 11
\BOOKMARK [2][-]{subsection.42}{\376\377\000C\000o\000n\000s\000t\000a\000n\000t\000\040\000p\000o\000r\000o\000s\000i\000t\000y\000\040\000a\000n\000d\000\040\000b\000a\000l\000a\000n\000c\000e\000d\000\040\000p\000r\000e\000s\000s\000u\000r\000e\000\040\000\050\000d\000i\000v\000e\000r\000g\000e\000n\000c\000e\000\040\000f\000r\000e\000e\000\040\000v\000e\000l\000o\000c\000i\000t\000y\000\040\000f\000i\000e\000l\000d\000\051}{section.41}% 12
\BOOKMARK [2][-]{subsection.43}{\376\377\000C\000o\000n\000s\000t\000\040\000p\000o\000r\000o\000s\000i\000t\000y\000\040\000a\000n\000d\000\040\000u\000n\000b\000a\000l\000a\000n\000c\000e\000d\000\040\000p\000r\000e\000s\000s\000u\000r\000e}{section.41}% 13
\BOOKMARK [1][-]{section.48}{\376\377\000H\000y\000p\000e\000r\000b\000o\000l\000i\000c\000\040\000E\000q\000u\000a\000t\000i\000o\000n\000\040\000S\000y\000s\000t\000e\000m}{}% 14
\BOOKMARK [1][-]{section.49}{\376\377\000A\000\040\000f\000i\000n\000i\000t\000e\000\040\000v\000o\000l\000u\000m\000e\000\040\000f\000r\000a\000m\000e\000w\000o\000r\000k}{}% 15
\BOOKMARK [2][-]{subsection.50}{\376\377\000G\000e\000n\000e\000r\000a\000l\000\040\000f\000i\000n\000i\000t\000e\000\040\000v\000o\000l\000u\000m\000e\000\040\000s\000c\000h\000e\000m\000e}{section.49}% 16
\BOOKMARK [2][-]{subsection.51}{\376\377\000W\000E\000N\000O\000\040\000a\000n\000d\000\040\000M\000L\000-\000W\000E\000N\000O\000\040\000s\000c\000h\000e\000m\000e}{section.49}% 17
\BOOKMARK [1][-]{section.52}{\376\377\000P\000r\000o\000b\000l\000e\000m\000\040\000s\000e\000t\000t\000i\000n\000g}{}% 18
\BOOKMARK [2][-]{subsection.55}{\376\377\000F\000i\000n\000i\000t\000e\000\040\000v\000o\000l\000u\000m\000e\000\040\000s\000c\000h\000e\000m\000e}{section.52}% 19
\BOOKMARK [1][-]{section.60}{\376\377\000C\000o\000m\000p\000u\000t\000a\000t\000i\000o\000n\000\040\000o\000f\000\040\000J\000a\000c\000o\000b\000i\000a\000n}{}% 20
\BOOKMARK [2][-]{subsection.63}{\376\377\000M\000L\000-\000W\000E\000N\000O\000\040\000r\000e\000c\000o\000n\000s\000t\000r\000u\000c\000t\000i\000o\000n\000\040\000a\000n\000d\000\040\000d\000e\000r\000i\000v\000a\000t\000i\000v\000e\000s}{section.60}% 21
\BOOKMARK [2][-]{subsection.79}{\376\377\000D\000e\000r\000i\000v\000a\000t\000i\000v\000e\000\040\000o\000f\000\040\000f\000l\000u\000x}{section.60}% 22
\BOOKMARK [3][-]{subsubsection.80}{\376\377\000D\000e\000r\000i\000v\000a\000t\000i\000v\000e\000\040\000o\000f\000\040\000a\000d\000v\000e\000c\000t\000i\000o\000n\000\040\000f\000l\000u\000x}{subsection.79}% 23
\BOOKMARK [3][-]{subsubsection.82}{\376\377\000D\000e\000r\000i\000v\000a\000t\000i\000v\000e\000\040\000o\000f\000\040\000d\000i\000f\000f\000u\000s\000i\000o\000n\000\040\000f\000l\000u\000x}{subsection.79}% 24
\BOOKMARK [1][-]{section.83}{\376\377\000I\000m\000p\000l\000i\000c\000i\000t\000\040\000t\000i\000m\000e\000\040\000s\000t\000e\000p\000p\000i\000n\000g}{}% 25
\BOOKMARK [2][-]{subsection.84}{\376\377\000B\000a\000c\000k\000w\000a\000r\000d\000\040\000E\000u\000l\000e\000r}{section.83}% 26
\BOOKMARK [2][-]{subsection.85}{\376\377\000I\000m\000p\000l\000i\000c\000i\000t\000\040\000S\000S\000P\000\040\000t\000i\000m\000e\000\040\000s\000t\000e\000p\000p\000i\000n\000g}{section.83}% 27
\BOOKMARK [1][-]{section.86}{\376\377\000P\000a\000r\000a\000l\000l\000e\000l\000i\000s\000m}{}% 28
\BOOKMARK [2][-]{subsection.87}{\376\377\000L\000o\000g\000i\000c\000a\000l\000l\000y\000\040\000r\000e\000c\000t\000a\000n\000g\000u\000l\000a\000r\000\040\000m\000e\000s\000h\000\040\000a\000n\000d\000\040\000s\000t\000e\000n\000c\000i\000l\000s}{section.86}% 29
\BOOKMARK [2][-]{subsection.92}{\376\377\000M\000e\000s\000h\000\040\000p\000a\000r\000t\000i\000t\000i\000o\000n}{section.86}% 30
\BOOKMARK [2][-]{subsection.95}{\376\377\000S\000p\000a\000r\000s\000i\000t\000y\000\040\000p\000a\000t\000t\000e\000r\000n\000\040\000o\000f\000\040\000J\000a\000c\000o\000b\000i\000a\000n\000\040\000m\000a\000t\000r\000i\000x}{section.86}% 31
\BOOKMARK [2][-]{subsection.96}{\376\377\000O\000p\000t\000i\000m\000a\000l\000\040\000p\000r\000e\000c\000o\000n\000d\000i\000t\000i\000o\000n\000e\000r}{section.86}% 32
\BOOKMARK [2][-]{subsection.97}{\376\377\000S\000c\000a\000l\000a\000b\000i\000l\000i\000t\000y}{section.86}% 33
\BOOKMARK [1][-]{section.98}{\376\377\000E\000u\000t\000e\000c\000t\000i\000c\000\040\000p\000h\000a\000s\000e\000\040\000b\000e\000h\000a\000v\000i\000o\000r}{}% 34
\BOOKMARK [2][-]{subsection.101}{\376\377\000P\000r\000i\000m\000a\000r\000y\000\040\000p\000h\000a\000s\000e\000\040\000s\000p\000l\000i\000t}{section.98}% 35
\BOOKMARK [3][-]{subsubsection.108}{\376\377\000R\000e\000g\000i\000o\000n\000\040\000I}{subsection.101}% 36
\BOOKMARK [3][-]{subsubsection.111}{\376\377\000R\000e\000g\000i\000o\000n\000\040\000I\000I}{subsection.101}% 37
\BOOKMARK [3][-]{subsubsection.113}{\376\377\000R\000e\000g\000i\000o\000n\000\040\000I\000I\000I}{subsection.101}% 38
\BOOKMARK [3][-]{subsubsection.115}{\376\377\000R\000e\000g\000i\000o\000n\000\040\000I\000V}{subsection.101}% 39
\BOOKMARK [3][-]{subsubsection.117}{\376\377\000R\000e\000g\000i\000o\000n\000\040\000V}{subsection.101}% 40
\BOOKMARK [3][-]{subsubsection.118}{\376\377\000R\000e\000g\000i\000o\000n\000\040\000V\000I}{subsection.101}% 41
\BOOKMARK [2][-]{subsection.120}{\376\377\000F\000u\000r\000t\000h\000e\000r\000\040\000a\000p\000p\000r\000o\000x\000i\000m\000a\000t\000i\000o\000n\000\040\000a\000n\000d\000\040\000s\000i\000m\000p\000l\000i\000f\000i\000e\000d\000\040\000p\000h\000a\000s\000e\000\040\000s\000p\000l\000i\000t}{section.98}% 42
\BOOKMARK [3][-]{subsubsection.122}{\376\377\000P\000h\000a\000s\000e\000\040\000d\000i\000a\000g\000r\000a\000m\000s}{subsection.120}% 43
\BOOKMARK [3][-]{subsubsection.124}{\376\377\000R\000e\000g\000i\000o\000n\000\040\000I\000I}{subsection.120}% 44
\BOOKMARK [3][-]{subsubsection.127}{\376\377\000R\000e\000g\000i\000o\000n\000\040\000I\000I\000I}{subsection.120}% 45
\BOOKMARK [3][-]{subsubsection.129}{\376\377\000R\000e\000g\000i\000o\000n\000\040\000I\000V}{subsection.120}% 46
\BOOKMARK [3][-]{subsubsection.133}{\376\377\000R\000e\000g\000i\000o\000n\000\040\000V\000I}{subsection.120}% 47
\BOOKMARK [2][-]{subsection.135}{\376\377\000P\000r\000e\000s\000s\000u\000r\000e\000\040\000a\000n\000d\000\040\000m\000e\000l\000t\000i\000n\000g\000\040\000p\000o\000i\000n\000t}{section.98}% 48
\BOOKMARK [1][-]{section.137}{\376\377\000M\000a\000g\000m\000a\000\040\000m\000i\000g\000r\000a\000t\000i\000o\000n}{}% 49
\BOOKMARK [2][-]{subsection.138}{\376\377\000M\000a\000t\000h\000e\000m\000a\000t\000i\000c\000a\000l\000\040\000m\000o\000d\000e\000l}{section.137}% 50
\BOOKMARK [3][-]{subsubsection.142}{\376\377\000B\000o\000u\000n\000d\000a\000r\000y\000\040\000c\000o\000n\000d\000i\000t\000i\000o\000n\000s}{subsection.138}% 51
\BOOKMARK [3][-]{subsubsection.143}{\376\377\000I\000n\000i\000t\000i\000a\000l\000\040\000c\000o\000n\000d\000i\000t\000i\000o\000n\000s}{subsection.138}% 52
\BOOKMARK [3][-]{subsubsection.144}{\376\377\000M\000e\000l\000t\000i\000n\000g\000\040\000d\000e\000p\000t\000h}{subsection.138}% 53
\BOOKMARK [1][-]{subsubsection.144}{\376\377\000R\000e\000f\000e\000r\000e\000n\000c\000e\000s}{}% 54
