\BOOKMARK [0][-]{chapter.1}{\376\377\0001\000\040\000N\000a\000m\000e\000s\000p\000a\000c\000e\000\040\000I\000n\000d\000e\000x}{}% 1
\BOOKMARK [1][-]{section.1.1}{\376\377\0001\000.\0001\000\040\000N\000a\000m\000e\000s\000p\000a\000c\000e\000\040\000L\000i\000s\000t}{chapter.1}% 2
\BOOKMARK [0][-]{chapter.2}{\376\377\0002\000\040\000C\000l\000a\000s\000s\000\040\000I\000n\000d\000e\000x}{}% 3
\BOOKMARK [1][-]{section.2.1}{\376\377\0002\000.\0001\000\040\000C\000l\000a\000s\000s\000\040\000L\000i\000s\000t}{chapter.2}% 4
\BOOKMARK [0][-]{chapter.3}{\376\377\0003\000\040\000F\000i\000l\000e\000\040\000I\000n\000d\000e\000x}{}% 5
\BOOKMARK [1][-]{section.3.1}{\376\377\0003\000.\0001\000\040\000F\000i\000l\000e\000\040\000L\000i\000s\000t}{chapter.3}% 6
\BOOKMARK [0][-]{chapter.4}{\376\377\0004\000\040\000N\000a\000m\000e\000s\000p\000a\000c\000e\000\040\000D\000o\000c\000u\000m\000e\000n\000t\000a\000t\000i\000o\000n}{}% 7
\BOOKMARK [1][-]{section.4.1}{\376\377\0004\000.\0001\000\040\000M\000L\000W\000E\000N\000O\000\040\000N\000a\000m\000e\000s\000p\000a\000c\000e\000\040\000R\000e\000f\000e\000r\000e\000n\000c\000e}{chapter.4}% 8
\BOOKMARK [1][-]{section.4.2}{\376\377\0004\000.\0002\000\040\000t\000e\000n\000s\000o\000r\000P\000r\000o\000d\000u\000c\000t\000P\000o\000l\000y\000\040\000N\000a\000m\000e\000s\000p\000a\000c\000e\000\040\000R\000e\000f\000e\000r\000e\000n\000c\000e}{chapter.4}% 9
\BOOKMARK [0][-]{chapter.5}{\376\377\0005\000\040\000C\000l\000a\000s\000s\000\040\000D\000o\000c\000u\000m\000e\000n\000t\000a\000t\000i\000o\000n}{}% 10
\BOOKMARK [1][-]{section.5.1}{\376\377\0005\000.\0001\000\040\000t\000e\000n\000s\000o\000r\000P\000r\000o\000d\000u\000c\000t\000P\000o\000l\000y\000:\000:\000b\000a\000s\000e\000P\000o\000l\000y\000n\000o\000m\000i\000a\000l\000\040\000C\000l\000a\000s\000s\000\040\000R\000e\000f\000e\000r\000e\000n\000c\000e}{chapter.5}% 11
\BOOKMARK [2][-]{subsection.5.1.1}{\376\377\0005\000.\0001\000.\0001\000\040\000C\000o\000n\000s\000t\000r\000u\000c\000t\000o\000r\000\040\000\046\000\040\000D\000e\000s\000t\000r\000u\000c\000t\000o\000r\000\040\000D\000o\000c\000u\000m\000e\000n\000t\000a\000t\000i\000o\000n}{section.5.1}% 12
\BOOKMARK [3][-]{subsubsection.5.1.1.1}{\376\377\0005\000.\0001\000.\0001\000.\0001\000\040\000b\000a\000s\000e\000P\000o\000l\000y\000n\000o\000m\000i\000a\000l\000\050\000\051\000\040\000[\0001\000/\0003\000]}{subsection.5.1.1}% 13
\BOOKMARK [3][-]{subsubsection.5.1.1.2}{\376\377\0005\000.\0001\000.\0001\000.\0002\000\040\000b\000a\000s\000e\000P\000o\000l\000y\000n\000o\000m\000i\000a\000l\000\050\000\051\000\040\000[\0002\000/\0003\000]}{subsection.5.1.1}% 14
\BOOKMARK [3][-]{subsubsection.5.1.1.3}{\376\377\0005\000.\0001\000.\0001\000.\0003\000\040\000b\000a\000s\000e\000P\000o\000l\000y\000n\000o\000m\000i\000a\000l\000\050\000\051\000\040\000[\0003\000/\0003\000]}{subsection.5.1.1}% 15
\BOOKMARK [3][-]{subsubsection.5.1.1.4}{\376\377\0005\000.\0001\000.\0001\000.\0004\000\040\000\040\000b\000a\000s\000e\000P\000o\000l\000y\000n\000o\000m\000i\000a\000l\000\050\000\051}{subsection.5.1.1}% 16
\BOOKMARK [2][-]{subsection.5.1.2}{\376\377\0005\000.\0001\000.\0002\000\040\000M\000e\000m\000b\000e\000r\000\040\000F\000u\000n\000c\000t\000i\000o\000n\000\040\000D\000o\000c\000u\000m\000e\000n\000t\000a\000t\000i\000o\000n}{section.5.1}% 17
\BOOKMARK [3][-]{subsubsection.5.1.2.1}{\376\377\0005\000.\0001\000.\0002\000.\0001\000\040\000d\000e\000r\000\050\000\051\000\040\000[\0001\000/\0002\000]}{subsection.5.1.2}% 18
\BOOKMARK [3][-]{subsubsection.5.1.2.2}{\376\377\0005\000.\0001\000.\0002\000.\0002\000\040\000d\000e\000r\000\050\000\051\000\040\000[\0002\000/\0002\000]}{subsection.5.1.2}% 19
\BOOKMARK [3][-]{subsubsection.5.1.2.3}{\376\377\0005\000.\0001\000.\0002\000.\0003\000\040\000e\000v\000a\000l\000\050\000\051\000\040\000[\0001\000/\0002\000]}{subsection.5.1.2}% 20
\BOOKMARK [3][-]{subsubsection.5.1.2.4}{\376\377\0005\000.\0001\000.\0002\000.\0004\000\040\000e\000v\000a\000l\000\050\000\051\000\040\000[\0002\000/\0002\000]}{subsection.5.1.2}% 21
\BOOKMARK [3][-]{subsubsection.5.1.2.5}{\376\377\0005\000.\0001\000.\0002\000.\0005\000\040\000g\000e\000t\000C\000o\000e\000f\000\050\000\051\000\040\000[\0001\000/\0002\000]}{subsection.5.1.2}% 22
\BOOKMARK [3][-]{subsubsection.5.1.2.6}{\376\377\0005\000.\0001\000.\0002\000.\0006\000\040\000g\000e\000t\000C\000o\000e\000f\000\050\000\051\000\040\000[\0002\000/\0002\000]}{subsection.5.1.2}% 23
\BOOKMARK [3][-]{subsubsection.5.1.2.7}{\376\377\0005\000.\0001\000.\0002\000.\0007\000\040\000g\000e\000t\000I\000\050\000\051}{subsection.5.1.2}% 24
\BOOKMARK [3][-]{subsubsection.5.1.2.8}{\376\377\0005\000.\0001\000.\0002\000.\0008\000\040\000g\000e\000t\000J\000\050\000\051}{subsection.5.1.2}% 25
\BOOKMARK [3][-]{subsubsection.5.1.2.9}{\376\377\0005\000.\0001\000.\0002\000.\0009\000\040\000g\000e\000t\000S\000i\000z\000e\000\050\000\051}{subsection.5.1.2}% 26
\BOOKMARK [3][-]{subsubsection.5.1.2.10}{\376\377\0005\000.\0001\000.\0002\000.\0001\0000\000\040\000o\000p\000e\000r\000a\000t\000o\000r\000\050\000\051\000\050\000\051\000\040\000[\0001\000/\0002\000]}{subsection.5.1.2}% 27
\BOOKMARK [3][-]{subsubsection.5.1.2.11}{\376\377\0005\000.\0001\000.\0002\000.\0001\0001\000\040\000o\000p\000e\000r\000a\000t\000o\000r\000\050\000\051\000\050\000\051\000\040\000[\0002\000/\0002\000]}{subsection.5.1.2}% 28
\BOOKMARK [3][-]{subsubsection.5.1.2.12}{\376\377\0005\000.\0001\000.\0002\000.\0001\0002\000\040\000p\000r\000i\000n\000t\000C\000o\000e\000f\000\050\000\051}{subsection.5.1.2}% 29
\BOOKMARK [3][-]{subsubsection.5.1.2.13}{\376\377\0005\000.\0001\000.\0002\000.\0001\0003\000\040\000s\000e\000t\000C\000o\000e\000f\000\050\000\051}{subsection.5.1.2}% 30
\BOOKMARK [3][-]{subsubsection.5.1.2.14}{\376\377\0005\000.\0001\000.\0002\000.\0001\0004\000\040\000s\000e\000t\000M\000a\000x\000D\000e\000g\000r\000e\000e\000\050\000\051}{subsection.5.1.2}% 31
\BOOKMARK [1][-]{section.5.2}{\376\377\0005\000.\0002\000\040\000M\000L\000W\000E\000N\000O\000:\000:\000M\000L\000W\000E\000N\000O\000P\000r\000e\000p\000a\000r\000e\000\040\000C\000l\000a\000s\000s\000\040\000R\000e\000f\000e\000r\000e\000n\000c\000e}{chapter.5}% 32
\BOOKMARK [2][-]{subsection.5.2.1}{\376\377\0005\000.\0002\000.\0001\000\040\000D\000e\000t\000a\000i\000l\000e\000d\000\040\000D\000e\000s\000c\000r\000i\000p\000t\000i\000o\000n}{section.5.2}% 33
\BOOKMARK [2][-]{subsection.5.2.2}{\376\377\0005\000.\0002\000.\0002\000\040\000C\000o\000n\000s\000t\000r\000u\000c\000t\000o\000r\000\040\000\046\000\040\000D\000e\000s\000t\000r\000u\000c\000t\000o\000r\000\040\000D\000o\000c\000u\000m\000e\000n\000t\000a\000t\000i\000o\000n}{section.5.2}% 34
\BOOKMARK [3][-]{subsubsection.5.2.2.1}{\376\377\0005\000.\0002\000.\0002\000.\0001\000\040\000M\000L\000W\000E\000N\000O\000P\000r\000e\000p\000a\000r\000e\000\050\000\051}{subsection.5.2.2}% 35
\BOOKMARK [3][-]{subsubsection.5.2.2.2}{\376\377\0005\000.\0002\000.\0002\000.\0002\000\040\000\040\000M\000L\000W\000E\000N\000O\000P\000r\000e\000p\000a\000r\000e\000\050\000\051}{subsection.5.2.2}% 36
\BOOKMARK [2][-]{subsection.5.2.3}{\376\377\0005\000.\0002\000.\0003\000\040\000M\000e\000m\000b\000e\000r\000\040\000F\000u\000n\000c\000t\000i\000o\000n\000\040\000D\000o\000c\000u\000m\000e\000n\000t\000a\000t\000i\000o\000n}{section.5.2}% 37
\BOOKMARK [3][-]{subsubsection.5.2.3.1}{\376\377\0005\000.\0002\000.\0003\000.\0001\000\040\000A\000d\000d\000L\000e\000v\000e\000l\000\050\000\051}{subsection.5.2.3}% 38
\BOOKMARK [3][-]{subsubsection.5.2.3.2}{\376\377\0005\000.\0002\000.\0003\000.\0002\000\040\000P\000r\000i\000n\000t\000I\000n\000f\000o\000\050\000\051}{subsection.5.2.3}% 39
\BOOKMARK [3][-]{subsubsection.5.2.3.3}{\376\377\0005\000.\0002\000.\0003\000.\0003\000\040\000U\000p\000d\000a\000t\000e\000D\000e\000r\000i\000v\000S\000m\000o\000o\000t\000h\000n\000e\000s\000s\000I\000n\000d\000i\000c\000\050\000\051}{subsection.5.2.3}% 40
\BOOKMARK [3][-]{subsubsection.5.2.3.4}{\376\377\0005\000.\0002\000.\0003\000.\0004\000\040\000U\000p\000d\000a\000t\000e\000S\000m\000o\000o\000t\000h\000n\000e\000s\000s\000I\000n\000d\000i\000c\000\050\000\051}{subsection.5.2.3}% 41
\BOOKMARK [2][-]{subsection.5.2.4}{\376\377\0005\000.\0002\000.\0004\000\040\000F\000r\000i\000e\000n\000d\000s\000\040\000A\000n\000d\000\040\000R\000e\000l\000a\000t\000e\000d\000\040\000S\000y\000m\000b\000o\000l\000\040\000D\000o\000c\000u\000m\000e\000n\000t\000a\000t\000i\000o\000n}{section.5.2}% 42
\BOOKMARK [3][-]{subsubsection.5.2.4.1}{\376\377\0005\000.\0002\000.\0004\000.\0001\000\040\000m\000u\000l\000t\000i\000L\000e\000v\000e\000l\000R\000e\000c\000o\000n\000s\000t\000r\000u\000c\000t\000i\000o\000n}{subsection.5.2.4}% 43
\BOOKMARK [1][-]{section.5.3}{\376\377\0005\000.\0003\000\040\000M\000L\000W\000E\000N\000O\000:\000:\000m\000u\000l\000t\000i\000L\000e\000v\000e\000l\000R\000e\000c\000o\000n\000s\000t\000r\000u\000c\000t\000i\000o\000n\000\040\000C\000l\000a\000s\000s\000\040\000R\000e\000f\000e\000r\000e\000n\000c\000e}{chapter.5}% 44
\BOOKMARK [2][-]{subsection.5.3.1}{\376\377\0005\000.\0003\000.\0001\000\040\000C\000o\000n\000s\000t\000r\000u\000c\000t\000o\000r\000\040\000\046\000\040\000D\000e\000s\000t\000r\000u\000c\000t\000o\000r\000\040\000D\000o\000c\000u\000m\000e\000n\000t\000a\000t\000i\000o\000n}{section.5.3}% 45
\BOOKMARK [3][-]{subsubsection.5.3.1.1}{\376\377\0005\000.\0003\000.\0001\000.\0001\000\040\000m\000u\000l\000t\000i\000L\000e\000v\000e\000l\000R\000e\000c\000o\000n\000s\000t\000r\000u\000c\000t\000i\000o\000n\000\050\000\051\000\040\000[\0001\000/\0004\000]}{subsection.5.3.1}% 46
\BOOKMARK [3][-]{subsubsection.5.3.1.2}{\376\377\0005\000.\0003\000.\0001\000.\0002\000\040\000m\000u\000l\000t\000i\000L\000e\000v\000e\000l\000R\000e\000c\000o\000n\000s\000t\000r\000u\000c\000t\000i\000o\000n\000\050\000\051\000\040\000[\0002\000/\0004\000]}{subsection.5.3.1}% 47
\BOOKMARK [3][-]{subsubsection.5.3.1.3}{\376\377\0005\000.\0003\000.\0001\000.\0003\000\040\000m\000u\000l\000t\000i\000L\000e\000v\000e\000l\000R\000e\000c\000o\000n\000s\000t\000r\000u\000c\000t\000i\000o\000n\000\050\000\051\000\040\000[\0003\000/\0004\000]}{subsection.5.3.1}% 48
\BOOKMARK [3][-]{subsubsection.5.3.1.4}{\376\377\0005\000.\0003\000.\0001\000.\0004\000\040\000m\000u\000l\000t\000i\000L\000e\000v\000e\000l\000R\000e\000c\000o\000n\000s\000t\000r\000u\000c\000t\000i\000o\000n\000\050\000\051\000\040\000[\0004\000/\0004\000]}{subsection.5.3.1}% 49
\BOOKMARK [3][-]{subsubsection.5.3.1.5}{\376\377\0005\000.\0003\000.\0001\000.\0005\000\040\000\040\000m\000u\000l\000t\000i\000L\000e\000v\000e\000l\000R\000e\000c\000o\000n\000s\000t\000r\000u\000c\000t\000i\000o\000n\000\050\000\051}{subsection.5.3.1}% 50
\BOOKMARK [2][-]{subsection.5.3.2}{\376\377\0005\000.\0003\000.\0002\000\040\000M\000e\000m\000b\000e\000r\000\040\000F\000u\000n\000c\000t\000i\000o\000n\000\040\000D\000o\000c\000u\000m\000e\000n\000t\000a\000t\000i\000o\000n}{section.5.3}% 51
\BOOKMARK [3][-]{subsubsection.5.3.2.1}{\376\377\0005\000.\0003\000.\0002\000.\0001\000\040\000A\000d\000d\000L\000e\000v\000e\000l\000\050\000\051\000\040\000[\0001\000/\0003\000]}{subsection.5.3.2}% 52
\BOOKMARK [3][-]{subsubsection.5.3.2.2}{\376\377\0005\000.\0003\000.\0002\000.\0002\000\040\000A\000d\000d\000L\000e\000v\000e\000l\000\050\000\051\000\040\000[\0002\000/\0003\000]}{subsection.5.3.2}% 53
\BOOKMARK [3][-]{subsubsection.5.3.2.3}{\376\377\0005\000.\0003\000.\0002\000.\0003\000\040\000A\000d\000d\000L\000e\000v\000e\000l\000\050\000\051\000\040\000[\0003\000/\0003\000]}{subsection.5.3.2}% 54
\BOOKMARK [3][-]{subsubsection.5.3.2.4}{\376\377\0005\000.\0003\000.\0002\000.\0004\000\040\000A\000s\000s\000i\000g\000n\000b\000o\000u\000n\000d\000a\000r\000y\000C\000e\000l\000l\000s\000\050\000\051}{subsection.5.3.2}% 55
\BOOKMARK [3][-]{subsubsection.5.3.2.5}{\376\377\0005\000.\0003\000.\0002\000.\0005\000\040\000A\000s\000s\000i\000g\000n\000b\000o\000u\000n\000d\000a\000r\000y\000L\000e\000v\000e\000l\000s\000\050\000\051}{subsection.5.3.2}% 56
\BOOKMARK [3][-]{subsubsection.5.3.2.6}{\376\377\0005\000.\0003\000.\0002\000.\0006\000\040\000A\000s\000s\000i\000g\000n\000i\000n\000t\000e\000r\000i\000o\000r\000C\000e\000l\000l\000s\000\050\000\051}{subsection.5.3.2}% 57
\BOOKMARK [3][-]{subsubsection.5.3.2.7}{\376\377\0005\000.\0003\000.\0002\000.\0007\000\040\000A\000s\000s\000i\000g\000n\000i\000n\000t\000e\000r\000i\000o\000r\000L\000e\000v\000e\000l\000s\000\050\000\051}{subsection.5.3.2}% 58
\BOOKMARK [3][-]{subsubsection.5.3.2.8}{\376\377\0005\000.\0003\000.\0002\000.\0008\000\040\000C\000l\000e\000a\000r\000\050\000\051}{subsection.5.3.2}% 59
\BOOKMARK [3][-]{subsubsection.5.3.2.9}{\376\377\0005\000.\0003\000.\0002\000.\0009\000\040\000E\000v\000a\000l\000u\000a\000t\000e\000D\000e\000r\000i\000v\000M\000L\000W\000E\000N\000O\000\050\000\051}{subsection.5.3.2}% 60
\BOOKMARK [3][-]{subsubsection.5.3.2.10}{\376\377\0005\000.\0003\000.\0002\000.\0001\0000\000\040\000E\000v\000a\000l\000u\000a\000t\000e\000D\000e\000r\000i\000v\000M\000L\000W\000E\000N\000O\000A\000d\000d\000\050\000\051}{subsection.5.3.2}% 61
\BOOKMARK [3][-]{subsubsection.5.3.2.11}{\376\377\0005\000.\0003\000.\0002\000.\0001\0001\000\040\000E\000v\000a\000l\000u\000a\000t\000e\000M\000L\000W\000E\000N\000O\000\050\000\051}{subsection.5.3.2}% 62
\BOOKMARK [3][-]{subsubsection.5.3.2.12}{\376\377\0005\000.\0003\000.\0002\000.\0001\0002\000\040\000G\000e\000t\000b\000o\000u\000n\000d\000a\000r\000y\000C\000e\000l\000l\000s\000\050\000\051}{subsection.5.3.2}% 63
\BOOKMARK [3][-]{subsubsection.5.3.2.13}{\376\377\0005\000.\0003\000.\0002\000.\0001\0003\000\040\000G\000e\000t\000b\000o\000u\000n\000d\000a\000r\000y\000L\000e\000v\000e\000l\000s\000\050\000\051}{subsection.5.3.2}% 64
\BOOKMARK [3][-]{subsubsection.5.3.2.14}{\376\377\0005\000.\0003\000.\0002\000.\0001\0004\000\040\000G\000e\000t\000I\000n\000f\000o\000\050\000\051}{subsection.5.3.2}% 65
\BOOKMARK [3][-]{subsubsection.5.3.2.15}{\376\377\0005\000.\0003\000.\0002\000.\0001\0005\000\040\000G\000e\000t\000i\000n\000t\000e\000r\000i\000o\000r\000C\000e\000l\000l\000s\000\050\000\051}{subsection.5.3.2}% 66
\BOOKMARK [3][-]{subsubsection.5.3.2.16}{\376\377\0005\000.\0003\000.\0002\000.\0001\0006\000\040\000G\000e\000t\000i\000n\000t\000e\000r\000i\000o\000r\000L\000e\000v\000e\000l\000s\000\050\000\051}{subsection.5.3.2}% 67
\BOOKMARK [3][-]{subsubsection.5.3.2.17}{\376\377\0005\000.\0003\000.\0002\000.\0001\0007\000\040\000G\000e\000t\000S\000c\000a\000l\000e\000\050\000\051\000\040\000[\0001\000/\0002\000]}{subsection.5.3.2}% 68
\BOOKMARK [3][-]{subsubsection.5.3.2.18}{\376\377\0005\000.\0003\000.\0002\000.\0001\0008\000\040\000G\000e\000t\000S\000c\000a\000l\000e\000\050\000\051\000\040\000[\0002\000/\0002\000]}{subsection.5.3.2}% 69
\BOOKMARK [3][-]{subsubsection.5.3.2.19}{\376\377\0005\000.\0003\000.\0002\000.\0001\0009\000\040\000M\000o\000d\000i\000f\000y\000R\000e\000c\000o\000n\000s\000t\000M\000e\000t\000h\000o\000d\000\050\000\051\000\040\000[\0001\000/\0002\000]}{subsection.5.3.2}% 70
\BOOKMARK [3][-]{subsubsection.5.3.2.20}{\376\377\0005\000.\0003\000.\0002\000.\0002\0000\000\040\000M\000o\000d\000i\000f\000y\000R\000e\000c\000o\000n\000s\000t\000M\000e\000t\000h\000o\000d\000\050\000\051\000\040\000[\0002\000/\0002\000]}{subsection.5.3.2}% 71
\BOOKMARK [3][-]{subsubsection.5.3.2.21}{\376\377\0005\000.\0003\000.\0002\000.\0002\0001\000\040\000P\000r\000i\000n\000t\000B\000o\000u\000n\000d\000a\000r\000y\000L\000a\000y\000e\000r\000\050\000\051}{subsection.5.3.2}% 72
\BOOKMARK [3][-]{subsubsection.5.3.2.22}{\376\377\0005\000.\0003\000.\0002\000.\0002\0002\000\040\000P\000r\000i\000n\000t\000N\000o\000n\000L\000i\000n\000e\000a\000r\000W\000g\000t\000s\000\050\000\051}{subsection.5.3.2}% 73
\BOOKMARK [3][-]{subsubsection.5.3.2.23}{\376\377\0005\000.\0003\000.\0002\000.\0002\0003\000\040\000P\000r\000i\000n\000t\000S\000m\000o\000o\000t\000h\000n\000e\000s\000s\000I\000n\000d\000i\000c\000a\000t\000o\000r\000\050\000\051}{subsection.5.3.2}% 74
\BOOKMARK [3][-]{subsubsection.5.3.2.24}{\376\377\0005\000.\0003\000.\0002\000.\0002\0004\000\040\000S\000e\000l\000e\000c\000t\000W\000e\000n\000o\000R\000e\000c\000o\000n\000s\000t\000L\000e\000v\000e\000l\000\050\000\051\000\040\000[\0001\000/\0002\000]}{subsection.5.3.2}% 75
\BOOKMARK [3][-]{subsubsection.5.3.2.25}{\376\377\0005\000.\0003\000.\0002\000.\0002\0005\000\040\000S\000e\000l\000e\000c\000t\000W\000e\000n\000o\000R\000e\000c\000o\000n\000s\000t\000L\000e\000v\000e\000l\000\050\000\051\000\040\000[\0002\000/\0002\000]}{subsection.5.3.2}% 76
\BOOKMARK [3][-]{subsubsection.5.3.2.26}{\376\377\0005\000.\0003\000.\0002\000.\0002\0006\000\040\000S\000e\000p\000a\000r\000a\000t\000e\000B\000o\000u\000n\000d\000a\000r\000y\000L\000a\000y\000e\000r\000\050\000\051\000\040\000[\0001\000/\0003\000]}{subsection.5.3.2}% 77
\BOOKMARK [3][-]{subsubsection.5.3.2.27}{\376\377\0005\000.\0003\000.\0002\000.\0002\0007\000\040\000S\000e\000p\000a\000r\000a\000t\000e\000B\000o\000u\000n\000d\000a\000r\000y\000L\000a\000y\000e\000r\000\050\000\051\000\040\000[\0002\000/\0003\000]}{subsection.5.3.2}% 78
\BOOKMARK [3][-]{subsubsection.5.3.2.28}{\376\377\0005\000.\0003\000.\0002\000.\0002\0008\000\040\000S\000e\000p\000a\000r\000a\000t\000e\000B\000o\000u\000n\000d\000a\000r\000y\000L\000a\000y\000e\000r\000\050\000\051\000\040\000[\0003\000/\0003\000]}{subsection.5.3.2}% 79
\BOOKMARK [3][-]{subsubsection.5.3.2.29}{\376\377\0005\000.\0003\000.\0002\000.\0002\0009\000\040\000U\000p\000d\000a\000t\000e\000N\000o\000n\000L\000i\000n\000e\000a\000r\000W\000g\000t\000s\000\050\000\051\000\040\000[\0001\000/\0002\000]}{subsection.5.3.2}% 80
\BOOKMARK [3][-]{subsubsection.5.3.2.30}{\376\377\0005\000.\0003\000.\0002\000.\0003\0000\000\040\000U\000p\000d\000a\000t\000e\000N\000o\000n\000L\000i\000n\000e\000a\000r\000W\000g\000t\000s\000\050\000\051\000\040\000[\0002\000/\0002\000]}{subsection.5.3.2}% 81
\BOOKMARK [3][-]{subsubsection.5.3.2.31}{\376\377\0005\000.\0003\000.\0002\000.\0003\0001\000\040\000U\000p\000d\000a\000t\000e\000N\000o\000n\000L\000i\000n\000e\000a\000r\000W\000g\000t\000s\000A\000n\000d\000D\000e\000r\000i\000v\000s\000\050\000\051}{subsection.5.3.2}% 82
\BOOKMARK [1][-]{section.5.4}{\376\377\0005\000.\0004\000\040\000M\000L\000W\000E\000N\000O\000:\000:\000s\000i\000n\000g\000l\000e\000L\000e\000v\000e\000l\000R\000e\000c\000o\000n\000s\000t\000r\000u\000c\000t\000i\000o\000n\000\040\000C\000l\000a\000s\000s\000\040\000R\000e\000f\000e\000r\000e\000n\000c\000e}{chapter.5}% 83
\BOOKMARK [2][-]{subsection.5.4.1}{\376\377\0005\000.\0004\000.\0001\000\040\000D\000e\000t\000a\000i\000l\000e\000d\000\040\000D\000e\000s\000c\000r\000i\000p\000t\000i\000o\000n}{section.5.4}% 84
\BOOKMARK [2][-]{subsection.5.4.2}{\376\377\0005\000.\0004\000.\0002\000\040\000C\000o\000n\000s\000t\000r\000u\000c\000t\000o\000r\000\040\000\046\000\040\000D\000e\000s\000t\000r\000u\000c\000t\000o\000r\000\040\000D\000o\000c\000u\000m\000e\000n\000t\000a\000t\000i\000o\000n}{section.5.4}% 85
\BOOKMARK [3][-]{subsubsection.5.4.2.1}{\376\377\0005\000.\0004\000.\0002\000.\0001\000\040\000s\000i\000n\000g\000l\000e\000L\000e\000v\000e\000l\000R\000e\000c\000o\000n\000s\000t\000r\000u\000c\000t\000i\000o\000n\000\050\000\051\000\040\000[\0001\000/\0002\000]}{subsection.5.4.2}% 86
\BOOKMARK [3][-]{subsubsection.5.4.2.2}{\376\377\0005\000.\0004\000.\0002\000.\0002\000\040\000s\000i\000n\000g\000l\000e\000L\000e\000v\000e\000l\000R\000e\000c\000o\000n\000s\000t\000r\000u\000c\000t\000i\000o\000n\000\050\000\051\000\040\000[\0002\000/\0002\000]}{subsection.5.4.2}% 87
\BOOKMARK [3][-]{subsubsection.5.4.2.3}{\376\377\0005\000.\0004\000.\0002\000.\0003\000\040\000\040\000s\000i\000n\000g\000l\000e\000L\000e\000v\000e\000l\000R\000e\000c\000o\000n\000s\000t\000r\000u\000c\000t\000i\000o\000n\000\050\000\051}{subsection.5.4.2}% 88
\BOOKMARK [2][-]{subsection.5.4.3}{\376\377\0005\000.\0004\000.\0003\000\040\000M\000e\000m\000b\000e\000r\000\040\000F\000u\000n\000c\000t\000i\000o\000n\000\040\000D\000o\000c\000u\000m\000e\000n\000t\000a\000t\000i\000o\000n}{section.5.4}% 89
\BOOKMARK [3][-]{subsubsection.5.4.3.1}{\376\377\0005\000.\0004\000.\0003\000.\0001\000\040\000C\000a\000l\000c\000u\000l\000a\000t\000e\000S\000m\000o\000o\000t\000h\000n\000e\000s\000s\000I\000n\000d\000i\000c\000\050\000\051}{subsection.5.4.3}% 90
\BOOKMARK [3][-]{subsubsection.5.4.3.2}{\376\377\0005\000.\0004\000.\0003\000.\0002\000\040\000C\000h\000e\000c\000k\000E\000x\000i\000s\000t\000\050\000\051}{subsection.5.4.3}% 91
\BOOKMARK [3][-]{subsubsection.5.4.3.3}{\376\377\0005\000.\0004\000.\0003\000.\0003\000\040\000C\000h\000e\000c\000k\000S\000t\000e\000n\000c\000i\000l\000P\000o\000l\000y\000n\000o\000m\000i\000a\000l\000s\000\050\000\051}{subsection.5.4.3}% 92
\BOOKMARK [3][-]{subsubsection.5.4.3.4}{\376\377\0005\000.\0004\000.\0003\000.\0004\000\040\000C\000h\000e\000c\000k\000S\000t\000e\000n\000c\000i\000l\000s\000\050\000\051}{subsection.5.4.3}% 93
\BOOKMARK [3][-]{subsubsection.5.4.3.5}{\376\377\0005\000.\0004\000.\0003\000.\0005\000\040\000C\000r\000e\000a\000t\000e\000S\000t\000e\000n\000c\000i\000l\000P\000o\000l\000y\000n\000o\000m\000i\000a\000l\000s\000\050\000\051}{subsection.5.4.3}% 94
\BOOKMARK [3][-]{subsubsection.5.4.3.6}{\376\377\0005\000.\0004\000.\0003\000.\0006\000\040\000E\000v\000a\000l\000u\000a\000t\000e\000\050\000\051\000\040\000[\0001\000/\0002\000]}{subsection.5.4.3}% 95
\BOOKMARK [3][-]{subsubsection.5.4.3.7}{\376\377\0005\000.\0004\000.\0003\000.\0007\000\040\000E\000v\000a\000l\000u\000a\000t\000e\000\050\000\051\000\040\000[\0002\000/\0002\000]}{subsection.5.4.3}% 96
\BOOKMARK [3][-]{subsubsection.5.4.3.8}{\376\377\0005\000.\0004\000.\0003\000.\0008\000\040\000G\000e\000t\000S\000c\000a\000l\000e\000\050\000\051\000\040\000[\0001\000/\0002\000]}{subsection.5.4.3}% 97
\BOOKMARK [3][-]{subsubsection.5.4.3.9}{\376\377\0005\000.\0004\000.\0003\000.\0009\000\040\000G\000e\000t\000S\000c\000a\000l\000e\000\050\000\051\000\040\000[\0002\000/\0002\000]}{subsection.5.4.3}% 98
\BOOKMARK [3][-]{subsubsection.5.4.3.10}{\376\377\0005\000.\0004\000.\0003\000.\0001\0000\000\040\000G\000e\000t\000S\000i\000z\000e\000X\000\050\000\051}{subsection.5.4.3}% 99
\BOOKMARK [3][-]{subsubsection.5.4.3.11}{\376\377\0005\000.\0004\000.\0003\000.\0001\0001\000\040\000G\000e\000t\000S\000i\000z\000e\000Y\000\050\000\051}{subsection.5.4.3}% 100
\BOOKMARK [3][-]{subsubsection.5.4.3.12}{\376\377\0005\000.\0004\000.\0003\000.\0001\0002\000\040\000G\000e\000t\000S\000m\000o\000o\000t\000h\000n\000e\000s\000s\000I\000n\000d\000i\000c\000\050\000\051}{subsection.5.4.3}% 101
\BOOKMARK [3][-]{subsubsection.5.4.3.13}{\376\377\0005\000.\0004\000.\0003\000.\0001\0003\000\040\000G\000e\000t\000S\000m\000o\000o\000t\000h\000n\000e\000s\000s\000I\000n\000d\000i\000c\000D\000e\000r\000i\000v\000\050\000\051}{subsection.5.4.3}% 102
\BOOKMARK [3][-]{subsubsection.5.4.3.14}{\376\377\0005\000.\0004\000.\0003\000.\0001\0004\000\040\000P\000r\000i\000n\000t\000S\000m\000o\000o\000t\000h\000n\000e\000s\000s\000I\000n\000d\000i\000c\000a\000t\000o\000r\000\050\000\051}{subsection.5.4.3}% 103
\BOOKMARK [3][-]{subsubsection.5.4.3.15}{\376\377\0005\000.\0004\000.\0003\000.\0001\0005\000\040\000U\000p\000d\000a\000t\000e\000D\000e\000r\000i\000v\000S\000m\000o\000o\000t\000h\000n\000e\000s\000s\000I\000n\000d\000i\000c\000\050\000\051}{subsection.5.4.3}% 104
\BOOKMARK [3][-]{subsubsection.5.4.3.16}{\376\377\0005\000.\0004\000.\0003\000.\0001\0006\000\040\000U\000p\000d\000a\000t\000e\000S\000m\000o\000o\000t\000h\000n\000e\000s\000s\000I\000n\000d\000i\000c\000\050\000\051}{subsection.5.4.3}% 105
\BOOKMARK [1][-]{section.5.5}{\376\377\0005\000.\0005\000\040\000s\000t\000e\000n\000c\000i\000l\000<\000\040\000T\000\040\000>\000\040\000C\000l\000a\000s\000s\000\040\000T\000e\000m\000p\000l\000a\000t\000e\000\040\000R\000e\000f\000e\000r\000e\000n\000c\000e}{chapter.5}% 106
\BOOKMARK [2][-]{subsection.5.5.1}{\376\377\0005\000.\0005\000.\0001\000\040\000C\000o\000n\000s\000t\000r\000u\000c\000t\000o\000r\000\040\000\046\000\040\000D\000e\000s\000t\000r\000u\000c\000t\000o\000r\000\040\000D\000o\000c\000u\000m\000e\000n\000t\000a\000t\000i\000o\000n}{section.5.5}% 107
\BOOKMARK [3][-]{subsubsection.5.5.1.1}{\376\377\0005\000.\0005\000.\0001\000.\0001\000\040\000s\000t\000e\000n\000c\000i\000l\000\050\000\051\000\040\000[\0001\000/\0004\000]}{subsection.5.5.1}% 108
\BOOKMARK [3][-]{subsubsection.5.5.1.2}{\376\377\0005\000.\0005\000.\0001\000.\0002\000\040\000s\000t\000e\000n\000c\000i\000l\000\050\000\051\000\040\000[\0002\000/\0004\000]}{subsection.5.5.1}% 109
\BOOKMARK [3][-]{subsubsection.5.5.1.3}{\376\377\0005\000.\0005\000.\0001\000.\0003\000\040\000s\000t\000e\000n\000c\000i\000l\000\050\000\051\000\040\000[\0003\000/\0004\000]}{subsection.5.5.1}% 110
\BOOKMARK [3][-]{subsubsection.5.5.1.4}{\376\377\0005\000.\0005\000.\0001\000.\0004\000\040\000s\000t\000e\000n\000c\000i\000l\000\050\000\051\000\040\000[\0004\000/\0004\000]}{subsection.5.5.1}% 111
\BOOKMARK [3][-]{subsubsection.5.5.1.5}{\376\377\0005\000.\0005\000.\0001\000.\0005\000\040\000\040\000s\000t\000e\000n\000c\000i\000l\000\050\000\051}{subsection.5.5.1}% 112
\BOOKMARK [2][-]{subsection.5.5.2}{\376\377\0005\000.\0005\000.\0002\000\040\000M\000e\000m\000b\000e\000r\000\040\000F\000u\000n\000c\000t\000i\000o\000n\000\040\000D\000o\000c\000u\000m\000e\000n\000t\000a\000t\000i\000o\000n}{section.5.5}% 113
\BOOKMARK [3][-]{subsubsection.5.5.2.1}{\376\377\0005\000.\0005\000.\0002\000.\0001\000\040\000c\000l\000e\000a\000r\000P\000t\000r\000\050\000\051}{subsection.5.5.2}% 114
\BOOKMARK [3][-]{subsubsection.5.5.2.2}{\376\377\0005\000.\0005\000.\0002\000.\0002\000\040\000C\000r\000e\000a\000t\000e\000S\000t\000e\000n\000c\000i\000l\000\050\000\051}{subsection.5.5.2}% 115
\BOOKMARK [3][-]{subsubsection.5.5.2.3}{\376\377\0005\000.\0005\000.\0002\000.\0003\000\040\000g\000e\000t\000I\000\050\000\051}{subsection.5.5.2}% 116
\BOOKMARK [3][-]{subsubsection.5.5.2.4}{\376\377\0005\000.\0005\000.\0002\000.\0004\000\040\000g\000e\000t\000J\000\050\000\051}{subsection.5.5.2}% 117
\BOOKMARK [3][-]{subsubsection.5.5.2.5}{\376\377\0005\000.\0005\000.\0002\000.\0005\000\040\000g\000e\000t\000K\000\050\000\051}{subsection.5.5.2}% 118
\BOOKMARK [3][-]{subsubsection.5.5.2.6}{\376\377\0005\000.\0005\000.\0002\000.\0006\000\040\000g\000e\000t\000S\000i\000z\000e\000\050\000\051}{subsection.5.5.2}% 119
\BOOKMARK [3][-]{subsubsection.5.5.2.7}{\376\377\0005\000.\0005\000.\0002\000.\0007\000\040\000G\000e\000t\000S\000t\000e\000n\000c\000i\000l\000\050\000\051}{subsection.5.5.2}% 120
\BOOKMARK [3][-]{subsubsection.5.5.2.8}{\376\377\0005\000.\0005\000.\0002\000.\0008\000\040\000o\000p\000e\000r\000a\000t\000o\000r\000\050\000\051\000\050\000\051\000\040\000[\0001\000/\0006\000]}{subsection.5.5.2}% 121
\BOOKMARK [3][-]{subsubsection.5.5.2.9}{\376\377\0005\000.\0005\000.\0002\000.\0009\000\040\000o\000p\000e\000r\000a\000t\000o\000r\000\050\000\051\000\050\000\051\000\040\000[\0002\000/\0006\000]}{subsection.5.5.2}% 122
\BOOKMARK [3][-]{subsubsection.5.5.2.10}{\376\377\0005\000.\0005\000.\0002\000.\0001\0000\000\040\000o\000p\000e\000r\000a\000t\000o\000r\000\050\000\051\000\050\000\051\000\040\000[\0003\000/\0006\000]}{subsection.5.5.2}% 123
\BOOKMARK [3][-]{subsubsection.5.5.2.11}{\376\377\0005\000.\0005\000.\0002\000.\0001\0001\000\040\000o\000p\000e\000r\000a\000t\000o\000r\000\050\000\051\000\050\000\051\000\040\000[\0004\000/\0006\000]}{subsection.5.5.2}% 124
\BOOKMARK [3][-]{subsubsection.5.5.2.12}{\376\377\0005\000.\0005\000.\0002\000.\0001\0002\000\040\000o\000p\000e\000r\000a\000t\000o\000r\000\050\000\051\000\050\000\051\000\040\000[\0005\000/\0006\000]}{subsection.5.5.2}% 125
\BOOKMARK [3][-]{subsubsection.5.5.2.13}{\376\377\0005\000.\0005\000.\0002\000.\0001\0003\000\040\000o\000p\000e\000r\000a\000t\000o\000r\000\050\000\051\000\050\000\051\000\040\000[\0006\000/\0006\000]}{subsection.5.5.2}% 126
\BOOKMARK [3][-]{subsubsection.5.5.2.14}{\376\377\0005\000.\0005\000.\0002\000.\0001\0004\000\040\000s\000e\000t\000I\000\050\000\051}{subsection.5.5.2}% 127
\BOOKMARK [3][-]{subsubsection.5.5.2.15}{\376\377\0005\000.\0005\000.\0002\000.\0001\0005\000\040\000s\000e\000t\000J\000\050\000\051}{subsection.5.5.2}% 128
\BOOKMARK [3][-]{subsubsection.5.5.2.16}{\376\377\0005\000.\0005\000.\0002\000.\0001\0006\000\040\000s\000e\000t\000K\000\050\000\051}{subsection.5.5.2}% 129
\BOOKMARK [3][-]{subsubsection.5.5.2.17}{\376\377\0005\000.\0005\000.\0002\000.\0001\0007\000\040\000S\000e\000t\000S\000t\000e\000n\000c\000i\000l\000\050\000\051\000\040\000[\0001\000/\0003\000]}{subsection.5.5.2}% 130
\BOOKMARK [3][-]{subsubsection.5.5.2.18}{\376\377\0005\000.\0005\000.\0002\000.\0001\0008\000\040\000S\000e\000t\000S\000t\000e\000n\000c\000i\000l\000\050\000\051\000\040\000[\0002\000/\0003\000]}{subsection.5.5.2}% 131
\BOOKMARK [3][-]{subsubsection.5.5.2.19}{\376\377\0005\000.\0005\000.\0002\000.\0001\0009\000\040\000S\000e\000t\000S\000t\000e\000n\000c\000i\000l\000\050\000\051\000\040\000[\0003\000/\0003\000]}{subsection.5.5.2}% 132
\BOOKMARK [1][-]{section.5.6}{\376\377\0005\000.\0006\000\040\000t\000e\000n\000s\000o\000r\000P\000r\000o\000d\000u\000c\000t\000P\000o\000l\000y\000:\000:\000s\000t\000e\000n\000c\000i\000l\000P\000o\000l\000y\000n\000o\000m\000i\000a\000l\000\040\000C\000l\000a\000s\000s\000\040\000R\000e\000f\000e\000r\000e\000n\000c\000e}{chapter.5}% 133
\BOOKMARK [2][-]{subsection.5.6.1}{\376\377\0005\000.\0006\000.\0001\000\040\000C\000o\000n\000s\000t\000r\000u\000c\000t\000o\000r\000\040\000\046\000\040\000D\000e\000s\000t\000r\000u\000c\000t\000o\000r\000\040\000D\000o\000c\000u\000m\000e\000n\000t\000a\000t\000i\000o\000n}{section.5.6}% 134
\BOOKMARK [3][-]{subsubsection.5.6.1.1}{\376\377\0005\000.\0006\000.\0001\000.\0001\000\040\000s\000t\000e\000n\000c\000i\000l\000P\000o\000l\000y\000n\000o\000m\000i\000a\000l\000\050\000\051\000\040\000[\0001\000/\0003\000]}{subsection.5.6.1}% 135
\BOOKMARK [3][-]{subsubsection.5.6.1.2}{\376\377\0005\000.\0006\000.\0001\000.\0002\000\040\000s\000t\000e\000n\000c\000i\000l\000P\000o\000l\000y\000n\000o\000m\000i\000a\000l\000\050\000\051\000\040\000[\0002\000/\0003\000]}{subsection.5.6.1}% 136
\BOOKMARK [3][-]{subsubsection.5.6.1.3}{\376\377\0005\000.\0006\000.\0001\000.\0003\000\040\000s\000t\000e\000n\000c\000i\000l\000P\000o\000l\000y\000n\000o\000m\000i\000a\000l\000\050\000\051\000\040\000[\0003\000/\0003\000]}{subsection.5.6.1}% 137
\BOOKMARK [3][-]{subsubsection.5.6.1.4}{\376\377\0005\000.\0006\000.\0001\000.\0004\000\040\000\040\000s\000t\000e\000n\000c\000i\000l\000P\000o\000l\000y\000n\000o\000m\000i\000a\000l\000\050\000\051}{subsection.5.6.1}% 138
\BOOKMARK [2][-]{subsection.5.6.2}{\376\377\0005\000.\0006\000.\0002\000\040\000M\000e\000m\000b\000e\000r\000\040\000F\000u\000n\000c\000t\000i\000o\000n\000\040\000D\000o\000c\000u\000m\000e\000n\000t\000a\000t\000i\000o\000n}{section.5.6}% 139
\BOOKMARK [3][-]{subsubsection.5.6.2.1}{\376\377\0005\000.\0006\000.\0002\000.\0001\000\040\000e\000v\000a\000l\000\050\000\051\000\040\000[\0001\000/\0004\000]}{subsection.5.6.2}% 140
\BOOKMARK [3][-]{subsubsection.5.6.2.2}{\376\377\0005\000.\0006\000.\0002\000.\0002\000\040\000e\000v\000a\000l\000\050\000\051\000\040\000[\0002\000/\0004\000]}{subsection.5.6.2}% 141
\BOOKMARK [3][-]{subsubsection.5.6.2.3}{\376\377\0005\000.\0006\000.\0002\000.\0003\000\040\000e\000v\000a\000l\000\050\000\051\000\040\000[\0003\000/\0004\000]}{subsection.5.6.2}% 142
\BOOKMARK [3][-]{subsubsection.5.6.2.4}{\376\377\0005\000.\0006\000.\0002\000.\0004\000\040\000e\000v\000a\000l\000\050\000\051\000\040\000[\0004\000/\0004\000]}{subsection.5.6.2}% 143
\BOOKMARK [3][-]{subsubsection.5.6.2.5}{\376\377\0005\000.\0006\000.\0002\000.\0005\000\040\000G\000e\000t\000D\000e\000r\000i\000v\000S\000m\000o\000o\000t\000h\000I\000n\000d\000i\000c\000\050\000\051}{subsection.5.6.2}% 144
\BOOKMARK [3][-]{subsubsection.5.6.2.6}{\376\377\0005\000.\0006\000.\0002\000.\0006\000\040\000G\000e\000t\000O\000r\000d\000e\000r\000X\000\050\000\051}{subsection.5.6.2}% 145
\BOOKMARK [3][-]{subsubsection.5.6.2.7}{\376\377\0005\000.\0006\000.\0002\000.\0007\000\040\000G\000e\000t\000O\000r\000d\000e\000r\000Y\000\050\000\051}{subsection.5.6.2}% 146
\BOOKMARK [3][-]{subsubsection.5.6.2.8}{\376\377\0005\000.\0006\000.\0002\000.\0008\000\040\000G\000e\000t\000S\000c\000a\000l\000e\000\050\000\051}{subsection.5.6.2}% 147
\BOOKMARK [3][-]{subsubsection.5.6.2.9}{\376\377\0005\000.\0006\000.\0002\000.\0009\000\040\000G\000e\000t\000S\000m\000o\000o\000t\000h\000I\000n\000d\000i\000c\000\050\000\051}{subsection.5.6.2}% 148
\BOOKMARK [3][-]{subsubsection.5.6.2.10}{\376\377\0005\000.\0006\000.\0002\000.\0001\0000\000\040\000o\000p\000e\000r\000a\000t\000o\000r\000\050\000\051\000\050\000\051\000\040\000[\0001\000/\0004\000]}{subsection.5.6.2}% 149
\BOOKMARK [3][-]{subsubsection.5.6.2.11}{\376\377\0005\000.\0006\000.\0002\000.\0001\0001\000\040\000o\000p\000e\000r\000a\000t\000o\000r\000\050\000\051\000\050\000\051\000\040\000[\0002\000/\0004\000]}{subsection.5.6.2}% 150
\BOOKMARK [3][-]{subsubsection.5.6.2.12}{\376\377\0005\000.\0006\000.\0002\000.\0001\0002\000\040\000o\000p\000e\000r\000a\000t\000o\000r\000\050\000\051\000\050\000\051\000\040\000[\0003\000/\0004\000]}{subsection.5.6.2}% 151
\BOOKMARK [3][-]{subsubsection.5.6.2.13}{\376\377\0005\000.\0006\000.\0002\000.\0001\0003\000\040\000o\000p\000e\000r\000a\000t\000o\000r\000\050\000\051\000\050\000\051\000\040\000[\0004\000/\0004\000]}{subsection.5.6.2}% 152
\BOOKMARK [3][-]{subsubsection.5.6.2.14}{\376\377\0005\000.\0006\000.\0002\000.\0001\0004\000\040\000p\000r\000i\000n\000t\000C\000o\000e\000f\000\050\000\051\000\040\000[\0001\000/\0002\000]}{subsection.5.6.2}% 153
\BOOKMARK [3][-]{subsubsection.5.6.2.15}{\376\377\0005\000.\0006\000.\0002\000.\0001\0005\000\040\000p\000r\000i\000n\000t\000C\000o\000e\000f\000\050\000\051\000\040\000[\0002\000/\0002\000]}{subsection.5.6.2}% 154
\BOOKMARK [3][-]{subsubsection.5.6.2.16}{\376\377\0005\000.\0006\000.\0002\000.\0001\0006\000\040\000S\000e\000t\000C\000o\000l\000l\000a\000p\000s\000e\000P\000o\000l\000y\000n\000\050\000\051}{subsection.5.6.2}% 155
\BOOKMARK [3][-]{subsubsection.5.6.2.17}{\376\377\0005\000.\0006\000.\0002\000.\0001\0007\000\040\000S\000e\000t\000S\000t\000e\000n\000c\000i\000l\000P\000o\000l\000y\000n\000o\000m\000i\000a\000l\000s\000\050\000\051}{subsection.5.6.2}% 156
\BOOKMARK [3][-]{subsubsection.5.6.2.18}{\376\377\0005\000.\0006\000.\0002\000.\0001\0008\000\040\000S\000e\000t\000U\000p\000S\000c\000a\000l\000e\000\050\000\051\000\040\000[\0001\000/\0002\000]}{subsection.5.6.2}% 157
\BOOKMARK [3][-]{subsubsection.5.6.2.19}{\376\377\0005\000.\0006\000.\0002\000.\0001\0009\000\040\000S\000e\000t\000U\000p\000S\000c\000a\000l\000e\000\050\000\051\000\040\000[\0002\000/\0002\000]}{subsection.5.6.2}% 158
\BOOKMARK [0][-]{chapter.6}{\376\377\0006\000\040\000F\000i\000l\000e\000\040\000D\000o\000c\000u\000m\000e\000n\000t\000a\000t\000i\000o\000n}{}% 159
\BOOKMARK [1][-]{section.6.1}{\376\377\0006\000.\0001\000\040\000/\000h\000o\000m\000e\000/\000r\000e\000n\000p\000o\000/\000R\000e\000s\000e\000a\000r\000c\000h\000/\000M\000a\000n\000t\000l\000e\000S\000o\000l\000v\000e\000r\000/\000s\000r\000c\000/\000m\000l\000w\000e\000n\000o\000/\000p\000o\000l\000y\000n\000o\000m\000i\000a\000l\000.\000c\000p\000p\000\040\000F\000i\000l\000e\000\040\000R\000e\000f\000e\000r\000e\000n\000c\000e}{chapter.6}% 160
\BOOKMARK [1][-]{section.6.2}{\376\377\0006\000.\0002\000\040\000/\000h\000o\000m\000e\000/\000r\000e\000n\000p\000o\000/\000R\000e\000s\000e\000a\000r\000c\000h\000/\000M\000a\000n\000t\000l\000e\000S\000o\000l\000v\000e\000r\000/\000s\000r\000c\000/\000m\000l\000w\000e\000n\000o\000/\000p\000o\000l\000y\000n\000o\000m\000i\000a\000l\000.\000h\000\040\000F\000i\000l\000e\000\040\000R\000e\000f\000e\000r\000e\000n\000c\000e}{chapter.6}% 161
\BOOKMARK [1][-]{section.6.3}{\376\377\0006\000.\0003\000\040\000p\000o\000l\000y\000n\000o\000m\000i\000a\000l\000.\000h}{chapter.6}% 162
\BOOKMARK [1][-]{section.6.4}{\376\377\0006\000.\0004\000\040\000/\000h\000o\000m\000e\000/\000r\000e\000n\000p\000o\000/\000R\000e\000s\000e\000a\000r\000c\000h\000/\000M\000a\000n\000t\000l\000e\000S\000o\000l\000v\000e\000r\000/\000s\000r\000c\000/\000m\000l\000w\000e\000n\000o\000/\000r\000e\000c\000o\000n\000s\000t\000r\000u\000c\000t\000i\000o\000n\000.\000c\000p\000p\000\040\000F\000i\000l\000e\000\040\000R\000e\000f\000e\000r\000e\000n\000c\000e}{chapter.6}% 163
\BOOKMARK [1][-]{section.6.5}{\376\377\0006\000.\0005\000\040\000/\000h\000o\000m\000e\000/\000r\000e\000n\000p\000o\000/\000R\000e\000s\000e\000a\000r\000c\000h\000/\000M\000a\000n\000t\000l\000e\000S\000o\000l\000v\000e\000r\000/\000s\000r\000c\000/\000m\000l\000w\000e\000n\000o\000/\000r\000e\000c\000o\000n\000s\000t\000r\000u\000c\000t\000i\000o\000n\000.\000h\000\040\000F\000i\000l\000e\000\040\000R\000e\000f\000e\000r\000e\000n\000c\000e}{chapter.6}% 164
\BOOKMARK [1][-]{section.6.6}{\376\377\0006\000.\0006\000\040\000r\000e\000c\000o\000n\000s\000t\000r\000u\000c\000t\000i\000o\000n\000.\000h}{chapter.6}% 165
\BOOKMARK [1][-]{section.6.7}{\376\377\0006\000.\0007\000\040\000/\000h\000o\000m\000e\000/\000r\000e\000n\000p\000o\000/\000R\000e\000s\000e\000a\000r\000c\000h\000/\000M\000a\000n\000t\000l\000e\000S\000o\000l\000v\000e\000r\000/\000s\000r\000c\000/\000m\000l\000w\000e\000n\000o\000/\000s\000t\000e\000n\000c\000i\000l\000.\000h\000\040\000F\000i\000l\000e\000\040\000R\000e\000f\000e\000r\000e\000n\000c\000e}{chapter.6}% 166
\BOOKMARK [2][-]{subsection.6.7.1}{\376\377\0006\000.\0007\000.\0001\000\040\000E\000n\000u\000m\000e\000r\000a\000t\000i\000o\000n\000\040\000T\000y\000p\000e\000\040\000D\000o\000c\000u\000m\000e\000n\000t\000a\000t\000i\000o\000n}{section.6.7}% 167
\BOOKMARK [3][-]{subsubsection.6.7.1.1}{\376\377\0006\000.\0007\000.\0001\000.\0001\000\040\000s\000t\000e\000n\000c\000i\000l\000T\000y\000p\000e}{subsection.6.7.1}% 168
\BOOKMARK [1][-]{section.6.8}{\376\377\0006\000.\0008\000\040\000s\000t\000e\000n\000c\000i\000l\000.\000h}{chapter.6}% 169
\BOOKMARK [0][-]{section*.16}{\376\377\000I\000n\000d\000e\000x}{}% 170
