\BOOKMARK [0][-]{chapter*.6}{\376\377\000L\000i\000s\000t\000\040\000o\000f\000\040\000T\000a\000b\000l\000e\000s}{}% 1
\BOOKMARK [0][-]{chapter*.7}{\376\377\000L\000i\000s\000t\000\040\000o\000f\000\040\000F\000i\000g\000u\000r\000e\000s}{}% 2
\BOOKMARK [0][-]{chapter*.7}{\376\377\000L\000i\000s\000t\000\040\000o\000f\000\040\000I\000l\000l\000u\000s\000t\000r\000a\000t\000i\000o\000n\000s}{}% 3
\BOOKMARK [0][-]{chapter*.8}{\376\377\000L\000i\000s\000t\000\040\000o\000f\000\040\000M\000a\000p\000s}{}% 4
\BOOKMARK [0][-]{chapter*.9}{\376\377\000L\000i\000s\000t\000\040\000o\000f\000\040\000S\000l\000i\000d\000e\000s}{}% 5
\BOOKMARK [0][-]{chapter.1}{\376\377\000C\000h\000a\000p\000t\000e\000r\000\040\0001\000:\000\040\000I\000n\000t\000r\000o\000d\000u\000c\000t\000i\000o\000n}{}% 6
\BOOKMARK [1][-]{section.1.1}{\376\377\000I\000m\000p\000o\000r\000t\000a\000n\000t\000\040\000N\000o\000t\000e}{chapter.1}% 7
\BOOKMARK [1][-]{section.1.2}{\376\377\000S\000t\000a\000t\000u\000s\000\040\000o\000f\000\040\000t\000h\000i\000s\000\040\000T\000e\000m\000p\000l\000a\000t\000e}{chapter.1}% 8
\BOOKMARK [2][-]{subsection.1.2.1}{\376\377\000L\000i\000m\000i\000t\000a\000t\000i\000o\000n\000s}{section.1.2}% 9
\BOOKMARK [2][-]{subsection.1.2.2}{\376\377\000F\000o\000r\000m\000a\000t\000t\000i\000n\000g\000\040\000C\000h\000o\000i\000c\000e\000s}{section.1.2}% 10
\BOOKMARK [1][-]{section.1.3}{\376\377\000E\000x\000a\000m\000p\000l\000e\000\040\000S\000e\000c\000t\000i\000o\000n\000\040\000N\000a\000m\000e}{chapter.1}% 11
\BOOKMARK [2][-]{subsection.1.3.1}{\376\377\000E\000x\000a\000m\000p\000l\000e\000\040\000S\000u\000b\000s\000e\000c\000t\000i\000o\000n}{section.1.3}% 12
\BOOKMARK [0][-]{chapter.2}{\376\377\000C\000h\000a\000p\000t\000e\000r\000\040\0002\000:\000\040\000M\000a\000i\000n\000\040\000T\000e\000x\000t\000\040\000S\000h\000o\000r\000t\000\040\000T\000i\000t\000l\000e}{}% 13
\BOOKMARK [1][-]{section.2.1}{\376\377\000S\000e\000c\000t\000i\000o\000n\000\040\000T\000i\000t\000l\000e}{chapter.2}% 14
\BOOKMARK [1][-]{section.2.2}{\376\377\000E\000q\000u\000a\000t\000i\000o\000n\000s\000\040\000g\000o\000v\000e\000r\000n\000i\000n\000g\000\040\000t\000w\000o\000\040\000p\000h\000a\000s\000e\000\040\000f\000l\000o\000w}{chapter.2}% 15
\BOOKMARK [0][-]{appendix.a.A}{\376\377\000A\000p\000p\000e\000n\000d\000i\000x\000\040\000A\000:\000\040\000A\000p\000p\000e\000n\000d\000i\000x\000\040\000N\000a\000m\000e}{}% 16
\BOOKMARK [1][-]{section.a.A.1}{\376\377\000A\000p\000p\000e\000n\000d\000i\000x\000\040\000s\000e\000c\000t\000i\000o\000n}{appendix.a.A}% 17
\BOOKMARK [2][-]{subsection.a.A.1.1}{\376\377\000A\000p\000p\000e\000n\000d\000i\000x\000\040\000s\000e\000c\000t\000i\000o\000n}{section.a.A.1}% 18
\BOOKMARK [0][-]{appendix.a.B}{\376\377\000A\000p\000p\000e\000n\000d\000i\000x\000\040\000B\000:\000\040\000A\000n\000o\000t\000h\000e\000r\000\040\000A\000p\000p\000e\000n\000d\000i\000x}{}% 19
\BOOKMARK [0][-]{appendix*.11}{\376\377\000G\000l\000o\000s\000s\000a\000r\000y}{}% 20
\BOOKMARK [0][-]{appendix*.12}{\376\377\000W\000o\000r\000k\000s\000\040\000C\000i\000t\000e\000d}{}% 21
\BOOKMARK [0][-]{appendix*.13}{\376\377\000V\000i\000t\000a}{}% 22
