\BOOKMARK [1][-]{section.1}{\376\377\000O\000u\000t\000l\000i\000n\000e}{}% 1
\BOOKMARK [1][-]{section.19}{\376\377\000t\000o\000d\000o}{}% 2
\BOOKMARK [1][-]{section.20}{\376\377\000A\000\040\000c\000o\000u\000p\000l\000e\000d\000\040\000p\000a\000r\000t\000i\000a\000l\000\040\000m\000e\000l\000t\000i\000n\000g\000\040\000S\000t\000o\000k\000e\000s\000-\000D\000a\000r\000c\000y\000\040\000s\000y\000s\000t\000e\000m}{}% 3
\BOOKMARK [2][-]{subsection.24}{\376\377\000V\000a\000r\000i\000a\000t\000i\000o\000n\000a\000l\000\040\000f\000o\000r\000m\000\040\000a\000n\000d\000\040\000d\000i\000s\000c\000r\000e\000t\000i\000z\000a\000t\000i\000o\000n}{section.20}% 4
\BOOKMARK [3][-]{subsubsection.25}{\376\377\000S\000t\000o\000k\000e\000s\000\040\000a\000n\000d\000\040\000v\000a\000r\000i\000a\000t\000i\000o\000n\000a\000l\000\040\000f\000o\000r\000m\000u\000l\000a\000t\000i\000o\000n}{subsection.24}% 5
\BOOKMARK [2][-]{subsection.29}{\376\377\000D\000a\000r\000c\000y}{section.20}% 6
\BOOKMARK [3][-]{subsubsection.32}{\376\377\000A\000\040\000d\000e\000g\000e\000n\000e\000r\000a\000t\000e\000\040\000D\000a\000r\000c\000y\000\040\000t\000e\000s\000t\000\040\000p\000r\000o\000b\000l\000e\000m}{subsection.29}% 7
\BOOKMARK [3][-]{subsubsection.39}{\376\377\000M\000o\000d\000i\000f\000i\000e\000d\000\040\000B\000R\000\040\000e\000l\000e\000m\000e\000n\000t}{subsection.29}% 8
\BOOKMARK [1][-]{section.41}{\376\377\000L\000i\000n\000e\000a\000r\000\040\000s\000y\000s\000t\000e\000m\000\040\000a\000n\000d\000\040\000U\000z\000a\000w\000a\000\040\000t\000y\000p\000e\000\040\000a\000l\000g\000o\000r\000i\000t\000h\000m}{}% 9
\BOOKMARK [2][-]{subsection.57}{\376\377\000C\000o\000n\000v\000e\000r\000g\000e\000n\000c\000e\000\040\000a\000n\000d\000\040\000s\000t\000a\000b\000i\000l\000i\000t\000y\000\040\000a\000n\000a\000l\000y\000s\000i\000s}{section.41}% 10
\BOOKMARK [3][-]{subsubsection.58}{\376\377\000A\000n\000d\000e\000r\000s\000o\000n\000\040\000a\000c\000c\000e\000l\000e\000r\000a\000t\000i\000o\000n}{subsection.57}% 11
\BOOKMARK [1][-]{section.59}{\376\377\000T\000e\000s\000t\000\040\000c\000a\000s\000e\000s}{}% 12
\BOOKMARK [2][-]{subsection.60}{\376\377\000C\000o\000n\000s\000t\000a\000n\000t\000\040\000p\000o\000r\000o\000s\000i\000t\000y\000\040\000a\000n\000d\000\040\000b\000a\000l\000a\000n\000c\000e\000d\000\040\000p\000r\000e\000s\000s\000u\000r\000e\000\040\000\050\000d\000i\000v\000e\000r\000g\000e\000n\000c\000e\000\040\000f\000r\000e\000e\000\040\000v\000e\000l\000o\000c\000i\000t\000y\000\040\000f\000i\000e\000l\000d\000\051}{section.59}% 13
\BOOKMARK [2][-]{subsection.61}{\376\377\000C\000o\000n\000s\000t\000\040\000p\000o\000r\000o\000s\000i\000t\000y\000\040\000a\000n\000d\000\040\000u\000n\000b\000a\000l\000a\000n\000c\000e\000d\000\040\000p\000r\000e\000s\000s\000u\000r\000e}{section.59}% 14
\BOOKMARK [1][-]{section.66}{\376\377\000R\000e\000t\000r\000i\000e\000v\000e\000\040\000o\000f\000\040\000p\000h\000y\000s\000i\000c\000a\000l\000\040\000v\000a\000r\000i\000a\000b\000l\000e\000s}{}% 15
\BOOKMARK [1][-]{section.67}{\376\377\000H\000y\000p\000e\000r\000b\000o\000l\000i\000c\000\040\000E\000q\000u\000a\000t\000i\000o\000n\000\040\000S\000y\000s\000t\000e\000m}{}% 16
\BOOKMARK [2][-]{subsection.72}{\376\377\000C\000a\000l\000c\000u\000l\000a\000t\000i\000o\000n\000\040\000o\000f\000\040}{section.67}% 17
\BOOKMARK [2][-]{subsection.73}{\376\377\000A\000l\000g\000o\000r\000i\000t\000h\000m\000s\000\040\000a\000n\000d\000\040\000f\000l\000u\000x}{section.67}% 18
\BOOKMARK [2][-]{subsection.74}{\376\377\000N\000o\000t\000e\000s}{section.67}% 19
\BOOKMARK [1][-]{section.75}{\376\377\000P\000r\000o\000b\000l\000e\000m\000\040\000s\000e\000t\000t\000i\000n\000g}{}% 20
\BOOKMARK [2][-]{subsection.78}{\376\377\000F\000i\000n\000i\000t\000e\000\040\000v\000o\000l\000u\000m\000e\000\040\000s\000c\000h\000e\000m\000e}{section.75}% 21
\BOOKMARK [1][-]{section.83}{\376\377\000C\000o\000m\000p\000u\000t\000a\000t\000i\000o\000n\000\040\000o\000f\000\040\000J\000a\000c\000o\000b\000i\000a\000n}{}% 22
\BOOKMARK [2][-]{subsection.86}{\376\377\000M\000L\000-\000W\000E\000N\000O\000\040\000r\000e\000c\000o\000n\000s\000t\000r\000u\000c\000t\000i\000o\000n\000\040\000a\000n\000d\000\040\000d\000e\000r\000i\000v\000a\000t\000i\000v\000e\000s}{section.83}% 23
\BOOKMARK [2][-]{subsection.102}{\376\377\000D\000e\000r\000i\000v\000a\000t\000i\000v\000e\000\040\000o\000f\000\040\000f\000l\000u\000x}{section.83}% 24
\BOOKMARK [3][-]{subsubsection.103}{\376\377\000D\000e\000r\000i\000v\000a\000t\000i\000v\000e\000\040\000o\000f\000\040\000a\000d\000v\000e\000c\000t\000i\000o\000n\000\040\000f\000l\000u\000x}{subsection.102}% 25
\BOOKMARK [3][-]{subsubsection.105}{\376\377\000D\000e\000r\000i\000v\000a\000t\000i\000v\000e\000\040\000o\000f\000\040\000d\000i\000f\000f\000u\000s\000i\000o\000n\000\040\000f\000l\000u\000x}{subsection.102}% 26
\BOOKMARK [1][-]{section.106}{\376\377\000I\000m\000p\000l\000i\000c\000i\000t\000\040\000t\000i\000m\000e\000\040\000s\000t\000e\000p\000p\000i\000n\000g}{}% 27
\BOOKMARK [2][-]{subsection.107}{\376\377\000B\000a\000c\000k\000w\000a\000r\000d\000\040\000E\000u\000l\000e\000r}{section.106}% 28
\BOOKMARK [2][-]{subsection.108}{\376\377\000I\000m\000p\000l\000i\000c\000i\000t\000\040\000S\000S\000P\000\040\000t\000i\000m\000e\000\040\000s\000t\000e\000p\000p\000i\000n\000g}{section.106}% 29
\BOOKMARK [1][-]{section.109}{\376\377\000P\000a\000r\000a\000l\000l\000e\000l\000i\000s\000m}{}% 30
\BOOKMARK [2][-]{subsection.110}{\376\377\000L\000o\000g\000i\000c\000a\000l\000l\000y\000\040\000r\000e\000c\000t\000a\000n\000g\000u\000l\000a\000r\000\040\000m\000e\000s\000h\000\040\000a\000n\000d\000\040\000s\000t\000e\000n\000c\000i\000l\000s}{section.109}% 31
\BOOKMARK [2][-]{subsection.115}{\376\377\000M\000e\000s\000h\000\040\000p\000a\000r\000t\000i\000t\000i\000o\000n}{section.109}% 32
\BOOKMARK [2][-]{subsection.118}{\376\377\000S\000p\000a\000r\000s\000i\000t\000y\000\040\000p\000a\000t\000t\000e\000r\000n\000\040\000o\000f\000\040\000J\000a\000c\000o\000b\000i\000a\000n\000\040\000m\000a\000t\000r\000i\000x}{section.109}% 33
\BOOKMARK [2][-]{subsection.119}{\376\377\000O\000p\000t\000i\000m\000a\000l\000\040\000p\000r\000e\000c\000o\000n\000d\000i\000t\000i\000o\000n\000e\000r}{section.109}% 34
\BOOKMARK [2][-]{subsection.120}{\376\377\000S\000c\000a\000l\000a\000b\000i\000l\000i\000t\000y}{section.109}% 35
\BOOKMARK [1][-]{section.121}{\376\377\000E\000u\000t\000e\000c\000t\000i\000c\000\040\000p\000h\000a\000s\000e\000\040\000b\000e\000h\000a\000v\000i\000o\000r}{}% 36
\BOOKMARK [2][-]{subsection.124}{\376\377\000P\000r\000i\000m\000a\000r\000y\000\040\000p\000h\000a\000s\000e\000\040\000s\000p\000l\000i\000t}{section.121}% 37
\BOOKMARK [3][-]{subsubsection.131}{\376\377\000R\000e\000g\000i\000o\000n\000\040\000I}{subsection.124}% 38
\BOOKMARK [3][-]{subsubsection.134}{\376\377\000R\000e\000g\000i\000o\000n\000\040\000I\000I}{subsection.124}% 39
\BOOKMARK [3][-]{subsubsection.136}{\376\377\000R\000e\000g\000i\000o\000n\000\040\000I\000I\000I}{subsection.124}% 40
\BOOKMARK [3][-]{subsubsection.138}{\376\377\000R\000e\000g\000i\000o\000n\000\040\000I\000V}{subsection.124}% 41
\BOOKMARK [3][-]{subsubsection.140}{\376\377\000R\000e\000g\000i\000o\000n\000\040\000V}{subsection.124}% 42
\BOOKMARK [3][-]{subsubsection.141}{\376\377\000R\000e\000g\000i\000o\000n\000\040\000V\000I}{subsection.124}% 43
\BOOKMARK [2][-]{subsection.143}{\376\377\000F\000u\000r\000t\000h\000e\000r\000\040\000a\000p\000p\000r\000o\000x\000i\000m\000a\000t\000i\000o\000n\000\040\000a\000n\000d\000\040\000s\000i\000m\000p\000l\000i\000f\000i\000e\000d\000\040\000p\000h\000a\000s\000e\000\040\000s\000p\000l\000i\000t}{section.121}% 44
\BOOKMARK [3][-]{subsubsection.145}{\376\377\000P\000h\000a\000s\000e\000\040\000d\000i\000a\000g\000r\000a\000m\000s}{subsection.143}% 45
\BOOKMARK [3][-]{subsubsection.147}{\376\377\000R\000e\000g\000i\000o\000n\000\040\000I\000I}{subsection.143}% 46
\BOOKMARK [3][-]{subsubsection.150}{\376\377\000R\000e\000g\000i\000o\000n\000\040\000I\000I\000I}{subsection.143}% 47
\BOOKMARK [3][-]{subsubsection.152}{\376\377\000R\000e\000g\000i\000o\000n\000\040\000I\000V}{subsection.143}% 48
\BOOKMARK [3][-]{subsubsection.156}{\376\377\000R\000e\000g\000i\000o\000n\000\040\000V\000I}{subsection.143}% 49
\BOOKMARK [2][-]{subsection.158}{\376\377\000P\000r\000e\000s\000s\000u\000r\000e\000\040\000a\000n\000d\000\040\000m\000e\000l\000t\000i\000n\000g\000\040\000p\000o\000i\000n\000t}{section.121}% 50
\BOOKMARK [2][-]{subsection.160}{\376\377\000M\000o\000d\000i\000f\000i\000e\000d\000\040\000p\000h\000a\000s\000e\000\040\000b\000e\000h\000a\000v\000i\000o\000r}{section.121}% 51
\BOOKMARK [3][-]{subsubsection.162}{\376\377\000R\000e\000g\000i\000o\000n\000\040\000I}{subsection.160}% 52
\BOOKMARK [3][-]{subsubsection.163}{\376\377\000R\000e\000g\000i\000o\000n\000\040\000I\000I}{subsection.160}% 53
\BOOKMARK [3][-]{subsubsection.164}{\376\377\000R\000e\000g\000i\000o\000n\000\040\000I\000I\000I}{subsection.160}% 54
\BOOKMARK [3][-]{subsubsection.166}{\376\377\000R\000e\000g\000i\000o\000n\000\040\000I\000V}{subsection.160}% 55
\BOOKMARK [3][-]{subsubsection.170}{\376\377\000R\000e\000g\000i\000o\000n\000\040\000V\000I}{subsection.160}% 56
\BOOKMARK [3][-]{subsubsection.172}{\376\377\000T\000w\000o\000\040\000l\000i\000n\000e\000s}{subsection.160}% 57
\BOOKMARK [1][-]{section.174}{\376\377\000M\000a\000g\000m\000a\000\040\000m\000i\000g\000r\000a\000t\000i\000o\000n}{}% 58
\BOOKMARK [2][-]{subsection.175}{\376\377\000M\000a\000t\000h\000e\000m\000a\000t\000i\000c\000a\000l\000\040\000m\000o\000d\000e\000l}{section.174}% 59
\BOOKMARK [3][-]{subsubsection.179}{\376\377\000B\000o\000u\000n\000d\000a\000r\000y\000\040\000c\000o\000n\000d\000i\000t\000i\000o\000n\000s}{subsection.175}% 60
\BOOKMARK [3][-]{subsubsection.180}{\376\377\000I\000n\000i\000t\000i\000a\000l\000\040\000c\000o\000n\000d\000i\000t\000i\000o\000n\000s}{subsection.175}% 61
\BOOKMARK [3][-]{subsubsection.181}{\376\377\000M\000e\000l\000t\000i\000n\000g\000\040\000d\000e\000p\000t\000h}{subsection.175}% 62
\BOOKMARK [2][-]{subsection.182}{\376\377\000I\000n\000t\000e\000r\000p\000o\000l\000a\000t\000i\000o\000n\000\040\000o\000f\000\040\000s\000t\000o\000k\000e\000s\000\040\000p\000r\000e\000s\000s\000u\000r\000e}{section.174}% 63
\BOOKMARK [2][-]{subsection.183}{\376\377\000A\000p\000p\000r\000o\000x\000i\000m\000a\000t\000i\000o\000n\000\040\000o\000f\000\040\000p\000h\000y\000s\000i\000c\000a\000l\000\040\000v\000a\000l\000u\000e\000s\000\040\000o\000n\000\040\000t\000h\000e\000\040\000c\000e\000l\000l\000\040\000e\000d\000g\000e\000s}{section.174}% 64
\BOOKMARK [2][-]{subsection.184}{\376\377\000N\000o\000n\000d\000i\000m\000e\000n\000s\000i\000o\000n\000a\000l\000i\000z\000a\000t\000i\000o\000n\000\040\000a\000n\000d\000\040\000r\000e\000t\000e\000r\000i\000v\000e\000\040\000o\000f\000\040\000o\000r\000i\000d\000i\000n\000a\000r\000y\000\040\000p\000h\000y\000s\000i\000c\000a\000l\000\040\000v\000a\000r\000i\000a\000b\000l\000e\000s}{section.174}% 65
\BOOKMARK [1][-]{subsection.184}{\376\377\000R\000e\000f\000e\000r\000e\000n\000c\000e\000s}{}% 66
